// Vitest Snapshot v1

exports[`<IngredientsList /> > should match snapshot 1`] = `
.c0 {
  padding: 2.4rem;
  padding-top: 0;
  margin: 0;
}

.c0 > a {
  margin-top: 1.6rem;
}

.c1 {
  list-style: none;
  display: -webkit-box;
  display: -webkit-flex;
  display: -ms-flexbox;
  display: flex;
  -webkit-align-items: center;
  -webkit-box-align: center;
  -ms-flex-align: center;
  align-items: center;
}

.c2 {
  color: #075e54;
  margin-right: 2.4rem;
  height: 2.4rem;
  width: 2.4rem;
}

.c3 {
  width: 90%;
  display: block;
  padding: 1.6rem;
  font-size: 2.4rem;
  background: #000000;
  color: #FFFFFF;
  border: none;
  margin: 0 auto;
  text-align: center;
  -webkit-text-decoration: none;
  text-decoration: none;
}

<ul
  aria-label="ingredients-list"
  class="c0"
>
  <li
    class="c1"
  >
    <svg
      class="c2"
      fill="currentColor"
      height="1em"
      stroke="currentColor"
      stroke-width="0"
      viewBox="0 0 1024 1024"
      width="1em"
      xmlns="http://www.w3.org/2000/svg"
    >
      <path
        d="M512 64C264.6 64 64 264.6 64 512s200.6 448 448 448 448-200.6 448-448S759.4 64 512 64zm193.5 301.7l-210.6 292a31.8 31.8 0 0 1-51.7 0L318.5 484.9c-3.8-5.3 0-12.7 6.5-12.7h46.9c10.2 0 19.9 4.9 25.9 13.3l71.2 98.8 157.2-218c6-8.3 15.6-13.3 25.9-13.3H699c6.5 0 10.3 7.4 6.5 12.7z"
      />
    </svg>
    sugar
  </li>
  <li
    class="c1"
  >
    <svg
      class="c2"
      fill="currentColor"
      height="1em"
      stroke="currentColor"
      stroke-width="0"
      viewBox="0 0 1024 1024"
      width="1em"
      xmlns="http://www.w3.org/2000/svg"
    >
      <path
        d="M512 64C264.6 64 64 264.6 64 512s200.6 448 448 448 448-200.6 448-448S759.4 64 512 64zm193.5 301.7l-210.6 292a31.8 31.8 0 0 1-51.7 0L318.5 484.9c-3.8-5.3 0-12.7 6.5-12.7h46.9c10.2 0 19.9 4.9 25.9 13.3l71.2 98.8 157.2-218c6-8.3 15.6-13.3 25.9-13.3H699c6.5 0 10.3 7.4 6.5 12.7z"
      />
    </svg>
    pepper
  </li>
  <a
    class="c3"
    href="url.com"
    target="_blank"
  >
    See more
  </a>
</ul>
`;
