// Vitest Snapshot v1

exports[`<Button /> > should match snapshot 1`] = `
.c0 {
  width: 90%;
  display: block;
  padding: 1.6rem;
  font-size: 2.4rem;
  background: #f0523dff;
  color: #FFFFFF;
  border: none;
  margin: 0 auto 2.4rem;
  text-align: center;
  -webkit-text-decoration: none;
  text-decoration: none;
}

<a
  class="c0"
  href="url.com"
  target="_blank"
>
  Click Me
</a>
`;

exports[`<Link /> > should match snapshot 1`] = `
.c0 {
  width: 90%;
  display: block;
  padding: 1.6rem;
  font-size: 2.4rem;
  background: #f0523dff;
  color: #FFFFFF;
  border: none;
  margin: 0 auto 2.4rem;
  text-align: center;
  -webkit-text-decoration: none;
  text-decoration: none;
}

<a
  class="c0"
  href="url.com"
  target="_blank"
>
  Click Me
</a>
`;
