// Vitest Snapshot v1

exports[`<RecipeInfo /> > should match snapshot 1`] = `
.c0 {
  padding: 2.4rem;
  position: relative;
}

.c1 {
  font-size: 1.6rem;
  margin: 0 0;
  color: #5c5c5c;
  font-weight: 400;
  display: -webkit-box;
  display: -webkit-flex;
  display: -ms-flexbox;
  display: flex;
  -webkit-align-items: center;
  -webkit-box-align: center;
  -ms-flex-align: center;
  align-items: center;
}

.c1> svg {
  margin-right: 0.5rem;
}

.c2 {
  border: 0;
  border-bottom: 1px solid #5c5c5c;
  margin: 2.4rem auto 0 auto;
  width: 98%;
}

<div
  class="c0"
>
  <h1
    class=""
  >
    couscous
  </h1>
  <h3
    class="c1"
  >
    <svg
      fill="currentColor"
      height="1em"
      stroke="currentColor"
      stroke-width="0"
      viewBox="0 0 512 512"
      width="1em"
      xmlns="http://www.w3.org/2000/svg"
    >
      <path
        d="M39.906 27.188c-9.118 13.907-11.366 30.99-7.843 50.718 4.2 23.526 16.91 50.038 35.28 75 36.742 49.925 96.05 93.082 148.813 99.625l3.688.47 2.375 2.844L416.374 490.22c19.352 4.624 31.847 1.745 38.344-4.69 6.547-6.484 9.566-19.005 4.717-38.874L39.908 27.187zM414.97 29.5L306.47 138c-12 11.998-12.104 25.2-5.908 39.625l2.563 5.97-4.688 4.5L262 222.844l29.594 29.593 34.594-36.532 4.5-4.75 5.968 2.594c15.165 6.535 29.546 6.267 40.688-4.875l108.5-108.5L471.75 86.28l-70.563 70.532L388 143.595l70.53-70.53L443.5 58.03l-70.53 70.532-13.22-13.218 70.53-70.53-15.31-15.314zM210.936 271.563L25.53 448.469c-4.575 18.95-1.644 30.787 4.532 36.905 6.178 6.118 18.128 8.927 36.844 4.406l173.22-182.967-29.19-35.25z"
      />
    </svg>
    Moroccan
  </h3>
  <h3
    class="c1"
  >
    <svg
      fill="currentColor"
      height="1em"
      stroke="currentColor"
      stroke-width="0"
      viewBox="0 0 1024 1024"
      width="1em"
      xmlns="http://www.w3.org/2000/svg"
    >
      <path
        d="M512 64C264.6 64 64 264.6 64 512s200.6 448 448 448 448-200.6 448-448S759.4 64 512 64zm176.5 585.7l-28.6 39a7.99 7.99 0 0 1-11.2 1.7L483.3 569.8a7.92 7.92 0 0 1-3.3-6.5V288c0-4.4 3.6-8 8-8h48.1c4.4 0 8 3.6 8 8v247.5l142.6 103.1c3.6 2.5 4.4 7.5 1.8 11.1z"
      />
    </svg>
    1 hour
  </h3>
  <hr
    class="c2"
  />
</div>
`;
